// Jest Snapshot v1, https://goo.gl/fbAQLP

exports[`Previewer renders correctly 1`] = `
<div
  className="textarea preview"
>
  <div
    dangerouslySetInnerHTML={
      Object {
        "__html": "<p>mockMarkdown</p>
",
      }
    }
    id="view"
  />
</div>
`;
